2026-05-30 22:11:35,793 - Researcher - INFO - Bootstrapping historical data for ETHUSDT (30 days)...
2026-05-30 22:11:35,987 - strategy_builder.market_data.candle_loader - INFO - Loaded 720 candles for ETHUSDT 1h
2026-05-30 22:11:35,987 - strategy_builder.market_data.candle_loader - INFO - Loaded 720 candles for ETHUSDT 1h
2026-05-30 22:11:36,412 - strategy_builder.market_data.candle_loader - INFO - Loaded 2880 candles for ETHUSDT 15m
2026-05-30 22:11:36,412 - strategy_builder.market_data.candle_loader - INFO - Loaded 2880 candles for ETHUSDT 15m
2026-05-30 22:11:37,414 - Researcher - INFO - Fetching Open Interest history...
2026-05-30 22:11:37,602 - Researcher - INFO - Beginning Backtest Suite (Evaluating 15 strategies)...
2026-05-30 22:11:37,602 - Researcher - INFO - Testing: Insto_London_Breakout_V3...
2026-05-30 22:12:33,006 - Researcher - INFO - Testing: NY_Momentum_V3...
2026-05-30 22:13:35,009 - Researcher - INFO - Testing: Trend_Reversal_Scalper...
2026-05-30 22:13:40,935 - Researcher - INFO - Testing: Session_Fade_Pro...
2026-05-30 22:14:24,889 - Researcher - INFO - Testing: Optimized_Baseline_2.5R...
2026-05-30 22:14:37,139 - Researcher - INFO - Testing: Volatility_Exhaustion_MR...
2026-05-30 22:14:51,858 - Researcher - INFO - Testing: Liquidity_Sweep_MSS...
2026-05-30 22:14:56,672 - Researcher - INFO - Testing: Funding_Rate_Arbitrage...
2026-05-30 22:16:57,238 - Researcher - INFO - Testing: VWAP_STD_Dev_Reversion...
2026-05-30 22:17:18,324 - Researcher - INFO - Testing: Filtered_Trend_Following...
2026-05-30 22:17:26,065 - Researcher - INFO - Testing: Opening_Range_Breakout...
2026-05-30 22:17:30,344 - Researcher - INFO - Testing: Bollinger_Band_Walk...
2026-05-30 22:17:30,492 - Researcher - INFO - Testing: RSI_Divergence_Structure...
2026-05-30 22:17:34,236 - Researcher - INFO - Testing: Order_Block_Mitigation...
2026-05-30 22:17:35,541 - Researcher - INFO - Testing: Delta_Neutral_Basis_Trade...

============================================================
AUTONOMOUS RESEARCHER: ETHUSDT
============================================================
------------------------------------------------------------

============================================================
FINAL RESEARCH REPORT: ETHUSDT
============================================================
Strategy Name                  | Win%   | P.Factor | Trades
------------------------------------------------------------
Funding_Rate_Arbitrage         |  80.0% |     2.42 |      5
NY_Momentum_V3                 |  50.0% |     1.57 |      6
Liquidity_Sweep_MSS            |  40.5% |     1.25 |     42
Bollinger_Band_Walk            |  30.8% |     0.74 |     52
Opening_Range_Breakout         |  42.5% |     0.64 |     47
Delta_Neutral_Basis_Trade      |  44.4% |     0.61 |    108
RSI_Divergence_Structure       |  26.9% |     0.60 |     52
Order_Block_Mitigation         |  29.1% |     0.57 |    103
Filtered_Trend_Following       |  25.0% |     0.49 |     64
Optimized_Baseline_2.5R        |  23.8% |     0.43 |    109
Session_Fade_Pro               |  32.1% |     0.33 |     56
VWAP_STD_Dev_Reversion         |  14.3% |     0.16 |     14
Insto_London_Breakout_V3       | 100.0% |     0.00 |      2
Trend_Reversal_Scalper         |   0.0% |     0.00 |      0
Volatility_Exhaustion_MR       | 100.0% |     0.00 |      1

************************************************************
RECOMMENDED STRATEGY: Funding_Rate_Arbitrage
Profit Factor: 2.42
************************************************************
