2026-05-30 22:11:35,770 - Researcher - INFO - Bootstrapping historical data for SOLUSDT (30 days)...
2026-05-30 22:11:35,977 - strategy_builder.market_data.candle_loader - INFO - Loaded 720 candles for SOLUSDT 1h
2026-05-30 22:11:35,977 - strategy_builder.market_data.candle_loader - INFO - Loaded 720 candles for SOLUSDT 1h
2026-05-30 22:11:36,406 - strategy_builder.market_data.candle_loader - INFO - Loaded 2880 candles for SOLUSDT 15m
2026-05-30 22:11:36,406 - strategy_builder.market_data.candle_loader - INFO - Loaded 2880 candles for SOLUSDT 15m
2026-05-30 22:11:37,407 - Researcher - INFO - Fetching Open Interest history...
2026-05-30 22:11:37,595 - Researcher - INFO - Beginning Backtest Suite (Evaluating 15 strategies)...
2026-05-30 22:11:37,595 - Researcher - INFO - Testing: Insto_London_Breakout_V3...
2026-05-30 22:12:33,590 - Researcher - INFO - Testing: NY_Momentum_V3...
2026-05-30 22:13:35,660 - Researcher - INFO - Testing: Trend_Reversal_Scalper...
2026-05-30 22:13:41,457 - Researcher - INFO - Testing: Session_Fade_Pro...
2026-05-30 22:14:27,597 - Researcher - INFO - Testing: Optimized_Baseline_2.5R...
2026-05-30 22:14:39,420 - Researcher - INFO - Testing: Volatility_Exhaustion_MR...
2026-05-30 22:14:54,239 - Researcher - INFO - Testing: Liquidity_Sweep_MSS...
2026-05-30 22:15:00,334 - Researcher - INFO - Testing: Funding_Rate_Arbitrage...
2026-05-30 22:16:59,289 - Researcher - INFO - Testing: VWAP_STD_Dev_Reversion...
2026-05-30 22:17:09,269 - Researcher - INFO - Testing: Filtered_Trend_Following...
2026-05-30 22:17:15,730 - Researcher - INFO - Testing: Opening_Range_Breakout...
2026-05-30 22:17:19,867 - Researcher - INFO - Testing: Bollinger_Band_Walk...
2026-05-30 22:17:20,115 - Researcher - INFO - Testing: RSI_Divergence_Structure...
2026-05-30 22:17:23,761 - Researcher - INFO - Testing: Order_Block_Mitigation...
2026-05-30 22:17:25,380 - Researcher - INFO - Testing: Delta_Neutral_Basis_Trade...

============================================================
AUTONOMOUS RESEARCHER: SOLUSDT
============================================================
------------------------------------------------------------

============================================================
FINAL RESEARCH REPORT: SOLUSDT
============================================================
Strategy Name                  | Win%   | P.Factor | Trades
------------------------------------------------------------
NY_Momentum_V3                 |  50.0% |     1.60 |      2
Opening_Range_Breakout         |  47.6% |     1.10 |     42
RSI_Divergence_Structure       |  34.9% |     0.81 |     43
VWAP_STD_Dev_Reversion         |  40.0% |     0.76 |     15
Session_Fade_Pro               |  45.6% |     0.73 |     57
Delta_Neutral_Basis_Trade      |  47.3% |     0.67 |    146
Filtered_Trend_Following       |  28.8% |     0.64 |     66
Bollinger_Band_Walk            |  27.5% |     0.64 |     69
Liquidity_Sweep_MSS            |  28.3% |     0.60 |     46
Optimized_Baseline_2.5R        |  27.5% |     0.60 |     91
Order_Block_Mitigation         |  27.5% |     0.52 |    149
Funding_Rate_Arbitrage         |  33.3% |     0.22 |      6
Insto_London_Breakout_V3       | 100.0% |     0.00 |      2
Trend_Reversal_Scalper         |   0.0% |     0.00 |      0
Volatility_Exhaustion_MR       |   0.0% |     0.00 |      0

************************************************************
RECOMMENDED STRATEGY: NY_Momentum_V3
Profit Factor: 1.60
************************************************************
