2026-05-30 22:11:35,751 - Researcher - INFO - Bootstrapping historical data for XRPUSDT (30 days)...
2026-05-30 22:11:35,968 - strategy_builder.market_data.candle_loader - INFO - Loaded 720 candles for XRPUSDT 1h
2026-05-30 22:11:35,968 - strategy_builder.market_data.candle_loader - INFO - Loaded 720 candles for XRPUSDT 1h
2026-05-30 22:11:36,392 - strategy_builder.market_data.candle_loader - INFO - Loaded 2880 candles for XRPUSDT 15m
2026-05-30 22:11:36,392 - strategy_builder.market_data.candle_loader - INFO - Loaded 2880 candles for XRPUSDT 15m
2026-05-30 22:11:37,393 - Researcher - INFO - Fetching Open Interest history...
2026-05-30 22:11:37,588 - Researcher - INFO - Beginning Backtest Suite (Evaluating 15 strategies)...
2026-05-30 22:11:37,589 - Researcher - INFO - Testing: Insto_London_Breakout_V3...
2026-05-30 22:12:33,711 - Researcher - INFO - Testing: NY_Momentum_V3...
2026-05-30 22:13:34,962 - Researcher - INFO - Testing: Trend_Reversal_Scalper...
2026-05-30 22:13:40,940 - Researcher - INFO - Testing: Session_Fade_Pro...
2026-05-30 22:14:29,100 - Researcher - INFO - Testing: Optimized_Baseline_2.5R...
2026-05-30 22:14:40,130 - Researcher - INFO - Testing: Volatility_Exhaustion_MR...
2026-05-30 22:14:54,770 - Researcher - INFO - Testing: Liquidity_Sweep_MSS...
2026-05-30 22:14:58,930 - Researcher - INFO - Testing: Funding_Rate_Arbitrage...
2026-05-30 22:16:57,812 - Researcher - INFO - Testing: VWAP_STD_Dev_Reversion...
2026-05-30 22:17:21,875 - Researcher - INFO - Testing: Filtered_Trend_Following...
2026-05-30 22:17:28,483 - Researcher - INFO - Testing: Opening_Range_Breakout...
2026-05-30 22:17:32,487 - Researcher - INFO - Testing: Bollinger_Band_Walk...
2026-05-30 22:17:32,725 - Researcher - INFO - Testing: RSI_Divergence_Structure...
2026-05-30 22:17:37,156 - Researcher - INFO - Testing: Order_Block_Mitigation...
2026-05-30 22:17:39,015 - Researcher - INFO - Testing: Delta_Neutral_Basis_Trade...

============================================================
AUTONOMOUS RESEARCHER: XRPUSDT
============================================================
------------------------------------------------------------

============================================================
FINAL RESEARCH REPORT: XRPUSDT
============================================================
Strategy Name                  | Win%   | P.Factor | Trades
------------------------------------------------------------
Liquidity_Sweep_MSS            |  29.4% |     1.02 |     51
NY_Momentum_V3                 |  40.0% |     0.86 |      5
Bollinger_Band_Walk            |  33.8% |     0.78 |     71
Optimized_Baseline_2.5R        |  27.7% |     0.70 |    101
Delta_Neutral_Basis_Trade      |  46.6% |     0.66 |    118
Order_Block_Mitigation         |  31.3% |     0.60 |    179
RSI_Divergence_Structure       |  26.0% |     0.56 |     50
Opening_Range_Breakout         |  35.6% |     0.52 |     45
Filtered_Trend_Following       |  24.1% |     0.51 |     58
Insto_London_Breakout_V3       |  50.0% |     0.46 |      2
VWAP_STD_Dev_Reversion         |  23.1% |     0.39 |     26
Session_Fade_Pro               |  29.6% |     0.33 |     54
Funding_Rate_Arbitrage         |  16.7% |     0.09 |      6
Trend_Reversal_Scalper         |   0.0% |     0.00 |      0
Volatility_Exhaustion_MR       |   0.0% |     0.00 |      0

************************************************************
RECOMMENDED STRATEGY: Liquidity_Sweep_MSS
Profit Factor: 1.02
************************************************************
